// Vitest Snapshot v1, https://vitest.dev/guide/snapshot.html

exports[`UserComponent > should render user details 1`] = `undefined`;
